// Jest Snapshot v1, https://goo.gl/fbAQLP

exports[`matches snapshot 1`] = `
Object {
  "asFragment": [Function],
  "baseElement": <body>
    <div>
      <div
        class="sc-bdfBQB goExrx CommandsLayout undefined"
        data-testid="test-CommandsLayout"
      >
        <label
          class="sc-gsTEea jgTHUl Label undefined"
          data-testid="test-Label"
        >
          Enter some commands:
        </label>
        <div
          class="CommandsLayout-input"
        >
          <input
            class="sc-dlfnuX kVhtmp Input undefined"
            data-testid="test-Input"
            id="commands"
            name="commands"
            type="text"
            value=""
          />
          <button
            class="sc-hKgJUU kGjTEm Button"
            data-testid="test-Button"
          >
            Reset
          </button>
        </div>
        <div
          class="CommandsLayout-help"
        >
          <h2>
            Commands list
          </h2>
          <dl
            class="CommandsLayout-command-list"
          >
            <dt
              class="CommandsLayout-command"
            >
              f
            </dt>
            <dd
              class="CommandsLayout-desc"
            >
              Move forward
            </dd>
            <dt
              class="CommandsLayout-command"
            >
              l
            </dt>
            <dd
              class="CommandsLayout-desc"
            >
              Rotate left
            </dd>
            <dt
              class="CommandsLayout-command"
            >
              r
            </dt>
            <dd
              class="CommandsLayout-desc"
            >
              Rotate right
            </dd>
          </dl>
        </div>
      </div>
    </div>
  </body>,
  "container": <div>
    <div
      class="sc-bdfBQB goExrx CommandsLayout undefined"
      data-testid="test-CommandsLayout"
    >
      <label
        class="sc-gsTEea jgTHUl Label undefined"
        data-testid="test-Label"
      >
        Enter some commands:
      </label>
      <div
        class="CommandsLayout-input"
      >
        <input
          class="sc-dlfnuX kVhtmp Input undefined"
          data-testid="test-Input"
          id="commands"
          name="commands"
          type="text"
          value=""
        />
        <button
          class="sc-hKgJUU kGjTEm Button"
          data-testid="test-Button"
        >
          Reset
        </button>
      </div>
      <div
        class="CommandsLayout-help"
      >
        <h2>
          Commands list
        </h2>
        <dl
          class="CommandsLayout-command-list"
        >
          <dt
            class="CommandsLayout-command"
          >
            f
          </dt>
          <dd
            class="CommandsLayout-desc"
          >
            Move forward
          </dd>
          <dt
            class="CommandsLayout-command"
          >
            l
          </dt>
          <dd
            class="CommandsLayout-desc"
          >
            Rotate left
          </dd>
          <dt
            class="CommandsLayout-command"
          >
            r
          </dt>
          <dd
            class="CommandsLayout-desc"
          >
            Rotate right
          </dd>
        </dl>
      </div>
    </div>
  </div>,
  "debug": [Function],
  "findAllByAltText": [Function],
  "findAllByDisplayValue": [Function],
  "findAllByLabelText": [Function],
  "findAllByPlaceholderText": [Function],
  "findAllByRole": [Function],
  "findAllByTestId": [Function],
  "findAllByText": [Function],
  "findAllByTitle": [Function],
  "findByAltText": [Function],
  "findByDisplayValue": [Function],
  "findByLabelText": [Function],
  "findByPlaceholderText": [Function],
  "findByRole": [Function],
  "findByTestId": [Function],
  "findByText": [Function],
  "findByTitle": [Function],
  "getAllByAltText": [Function],
  "getAllByDisplayValue": [Function],
  "getAllByLabelText": [Function],
  "getAllByPlaceholderText": [Function],
  "getAllByRole": [Function],
  "getAllByTestId": [Function],
  "getAllByText": [Function],
  "getAllByTitle": [Function],
  "getByAltText": [Function],
  "getByDisplayValue": [Function],
  "getByLabelText": [Function],
  "getByPlaceholderText": [Function],
  "getByRole": [Function],
  "getByTestId": [Function],
  "getByText": [Function],
  "getByTitle": [Function],
  "queryAllByAltText": [Function],
  "queryAllByDisplayValue": [Function],
  "queryAllByLabelText": [Function],
  "queryAllByPlaceholderText": [Function],
  "queryAllByRole": [Function],
  "queryAllByTestId": [Function],
  "queryAllByText": [Function],
  "queryAllByTitle": [Function],
  "queryByAltText": [Function],
  "queryByDisplayValue": [Function],
  "queryByLabelText": [Function],
  "queryByPlaceholderText": [Function],
  "queryByRole": [Function],
  "queryByTestId": [Function],
  "queryByText": [Function],
  "queryByTitle": [Function],
  "rerender": [Function],
  "unmount": [Function],
}
`;
